// Jest Snapshot v1, https://goo.gl/fbAQLP

exports[`Legend renders the component 1`] = `
<DocumentFragment>
  <svg
    xmlns="http://www.w3.org/2000/svg"
  >
    <g>
      <g
        transform="translate(0, 80)"
      >
        <g
          fill="none"
          font-family="sans-serif"
          font-size="10"
          text-anchor="middle"
        >
          <path
            class="domain"
            d="M0.5,6V0.5H300.5V6"
            stroke="currentColor"
          />
          <g
            class="tick"
            opacity="1"
            transform="translate(0.5,0)"
          >
            <line
              stroke="currentColor"
              y2="6"
            />
            <text
              dy="0.71em"
              fill="currentColor"
              y="9"
            >
              0
            </text>
          </g>
          <g
            class="tick"
            opacity="1"
            transform="translate(60.5,0)"
          >
            <line
              stroke="currentColor"
              y2="6"
            />
            <text
              dy="0.71em"
              fill="currentColor"
              y="9"
            >
              20
            </text>
          </g>
          <g
            class="tick"
            opacity="1"
            transform="translate(120.5,0)"
          >
            <line
              stroke="currentColor"
              y2="6"
            />
            <text
              dy="0.71em"
              fill="currentColor"
              y="9"
            >
              40
            </text>
          </g>
          <g
            class="tick"
            opacity="1"
            transform="translate(180.5,0)"
          >
            <line
              stroke="currentColor"
              y2="6"
            />
            <text
              dy="0.71em"
              fill="currentColor"
              y="9"
            >
              60
            </text>
          </g>
          <g
            class="tick"
            opacity="1"
            transform="translate(240.5,0)"
          >
            <line
              stroke="currentColor"
              y2="6"
            />
            <text
              dy="0.71em"
              fill="currentColor"
              y="9"
            >
              80
            </text>
          </g>
          <g
            class="tick"
            opacity="1"
            transform="translate(300.5,0)"
          >
            <line
              stroke="currentColor"
              y2="6"
            />
            <text
              dy="0.71em"
              fill="currentColor"
              y="9"
            >
              100
            </text>
          </g>
        </g>
      </g>
      <g>
        <rect
          fill="rgb(94, 79, 162)"
          height="80"
          width="20"
          x="0"
        />
        <rect
          fill="rgb(69, 117, 177)"
          height="80"
          width="20"
          x="20"
        />
        <rect
          fill="rgb(72, 155, 179)"
          height="80"
          width="20"
          x="40"
        />
        <rect
          fill="rgb(105, 189, 169)"
          height="80"
          width="20"
          x="60"
        />
        <rect
          fill="rgb(148, 212, 164)"
          height="80"
          width="20"
          x="80"
        />
        <rect
          fill="rgb(190, 229, 160)"
          height="80"
          width="20"
          x="100"
        />
        <rect
          fill="rgb(224, 243, 161)"
          height="80"
          width="20"
          x="120"
        />
        <rect
          fill="rgb(245, 250, 174)"
          height="80"
          width="20"
          x="140"
        />
        <rect
          fill="rgb(253, 243, 169)"
          height="80"
          width="20"
          x="160"
        />
        <rect
          fill="rgb(254, 221, 141)"
          height="80"
          width="20"
          x="180"
        />
        <rect
          fill="rgb(253, 190, 112)"
          height="80"
          width="20"
          x="200"
        />
        <rect
          fill="rgb(249, 152, 88)"
          height="80"
          width="20"
          x="220"
        />
        <rect
          fill="rgb(240, 112, 74)"
          height="80"
          width="20"
          x="240"
        />
        <rect
          fill="rgb(222, 77, 74)"
          height="80"
          width="20"
          x="260"
        />
        <rect
          fill="rgb(193, 41, 73)"
          height="80"
          width="20"
          x="280"
        />
      </g>
    </g>
  </svg>
</DocumentFragment>
`;
