// Jest Snapshot v1, https://goo.gl/fbAQLP

exports[`placeholder test should return true 1`] = `<div />`;
